// Jest Snapshot v1, https://goo.gl/fbAQLP

exports[`<InputField /> renders without crashing 1`] = `
<View
  style={
    Array [
      Object {
        "backgroundColor": "rgb(231, 231, 231)",
        "borderTopLeftRadius": 4,
        "borderTopRightRadius": 4,
      },
      Object {
        "margin": 5,
      },
    ]
  }
>
  <View
    style={
      Object {
        "backgroundColor": "rgba(0, 0, 0, 0.26)",
        "bottom": 0,
        "height": 2,
        "left": 0,
        "position": "absolute",
        "right": 0,
        "transform": Array [
          Object {
            "scaleY": 0.5,
          },
        ],
      }
    }
  />
  <View
    style={
      Object {
        "minHeight": 64,
        "paddingBottom": 0,
        "paddingTop": 0,
      }
    }
  >
    <View
      pointerEvents="none"
      style={
        Object {
          "bottom": 0,
          "left": 0,
          "opacity": 0,
          "position": "absolute",
          "right": 0,
          "top": 0,
          "transform": Array [
            Object {
              "translateX": 3,
            },
          ],
        }
      }
    >
      <Text
        numberOfLines={1}
        onLayout={[Function]}
        style={
          Object {
            "color": "#6200ee",
            "fontFamily": "System",
            "fontSize": 16,
            "fontWeight": undefined,
            "left": 0,
            "opacity": 0,
            "paddingLeft": 12,
            "paddingRight": 12,
            "position": "absolute",
            "textAlign": "left",
            "top": 34,
            "transform": Array [
              Object {
                "translateX": 0,
              },
              Object {
                "translateY": -16,
              },
              Object {
                "scale": 0.75,
              },
            ],
            "writingDirection": "ltr",
          }
        }
      >
        test_label
      </Text>
      <Text
        numberOfLines={1}
        style={
          Object {
            "color": "rgba(0, 0, 0, 0.54)",
            "fontFamily": "System",
            "fontSize": 16,
            "fontWeight": undefined,
            "left": 0,
            "opacity": 0,
            "paddingLeft": 12,
            "paddingRight": 12,
            "position": "absolute",
            "textAlign": "left",
            "top": 34,
            "transform": Array [
              Object {
                "translateX": 0,
              },
              Object {
                "translateY": -16,
              },
              Object {
                "scale": 0.75,
              },
            ],
            "writingDirection": "ltr",
          }
        }
      >
        test_label
      </Text>
    </View>
    <TextInput
      allowFontScaling={true}
      editable={true}
      multiline={false}
      onBlur={[Function]}
      onChangeText={[Function]}
      onFocus={[Function]}
      placeholder=""
      placeholderTextColor="rgba(0, 0, 0, 0.54)"
      rejectResponderTermination={true}
      selectionColor="#6200ee"
      style={
        Array [
          Object {
            "flexGrow": 1,
            "margin": 0,
            "textAlign": "left",
            "zIndex": 1,
          },
          Object {
            "paddingLeft": 12,
            "paddingRight": 12,
          },
          Object {
            "height": 64,
          },
          Object {
            "paddingBottom": 4,
            "paddingTop": 24,
          },
          Object {
            "color": "#000000",
            "fontFamily": "System",
            "fontSize": 16,
            "fontWeight": undefined,
            "textAlignVertical": "center",
          },
          Array [
            Object {},
          ],
        ]
      }
      underlineColorAndroid="transparent"
      value="test_value"
    />
  </View>
</View>
`;
