// Jest Snapshot v1, https://goo.gl/fbAQLP

exports[`<ListAccordion /> renders without crashing 1`] = `
<View>
  <View
    accessibilityRole="button"
    accessible={true}
    focusable={true}
    onClick={[Function]}
    onResponderGrant={[Function]}
    onResponderMove={[Function]}
    onResponderRelease={[Function]}
    onResponderTerminate={[Function]}
    onResponderTerminationRequest={[Function]}
    onStartShouldSetResponder={[Function]}
    style={
      Array [
        false,
        Array [
          Object {
            "padding": 8,
          },
          undefined,
        ],
      ]
    }
  >
    <View
      pointerEvents="none"
      style={
        Object {
          "alignItems": "center",
          "flexDirection": "row",
        }
      }
    >
      <View
        pointerEvents="box-none"
        style={
          Array [
            Object {
              "alignItems": "center",
              "height": 40,
              "justifyContent": "center",
              "margin": 8,
              "width": 40,
            },
            undefined,
          ]
        }
      >
        <Text />
      </View>
      <View
        style={
          Array [
            Object {
              "margin": 8,
            },
            Object {
              "flex": 1,
              "justifyContent": "center",
            },
          ]
        }
      >
        <Text
          numberOfLines={1}
          style={
            Array [
              Object {
                "color": "#000000",
                "fontFamily": "System",
                "fontWeight": "400",
                "textAlign": "left",
              },
              Array [
                Object {
                  "fontSize": 16,
                },
                Object {
                  "color": "rgba(0, 0, 0, 0.87)",
                },
                undefined,
              ],
            ]
          }
        >
          test-name
        </Text>
      </View>
      <View
        style={
          Array [
            Object {
              "margin": 8,
            },
            undefined,
          ]
        }
      >
        <Text />
      </View>
    </View>
  </View>
</View>
`;
